<?php

namespace App\Foo\Bar\Baz\Qux;

class MyClass
{
}
