<?php

namespace App;

/**
 * This creates a users table.
 */
final readonly class CreateUsersTable
{
}
