<?php

namespace App;

use Tempest\Generation\Tests\Fixtures\Database\FakeMigration;

class CreateUsersTable implements FakeMigration
{
}
