<?php

namespace App\Controllers;

use Tempest\Router\Get;
use Tempest\View\View;

use function Tempest\view;

final class WelcomeController
{
    #[Get(uri: '/welcome')]
    public function __invoke(): View
    {
        return view('welcome');
    }
}
