<?php

namespace Tempest\Generation\Tests\Fixtures;

final readonly class ClassFromFile
{
}
