<?php

namespace Tempest\Generation\Tests\Unit\Fixtures;

use Tempest\Generation\Tests\Unit\Fixtures\SampleNamespace\ExampleTrait;

final class ClassWithTraitInAnotherNamespace
{
    use ExampleTrait;
}
