<?php

namespace App\Controllers;

use Tempest\Router\Get;
use Tempest\View\View;

use function Tempest\view;

final class WelcomeController
{
    #[Get(uri: '/home')]
    public function __invoke(): View
    {
        return view('home');
    }
}
