<?php

namespace Tempest\Generation\Tests\Unit\Fixtures;

final readonly class ClassFromFile
{
}
